
[1m[46m RUN [49m[22m [36mv4.1.0 [39m[90mC:/Users/shiva/OneDrive/Documents/GitHub/QUIZ-[39m

 [31m❯[39m server/routes/agentRoutes.test.ts [2m([22m[2m8 tests[22m[2m | [22m[31m4 failed[39m[2m)[22m[32m 122[2mms[22m[39m
[31m     [31m×[31m 10.3 Test: empty topic -> 422 "topic: topic is required"[39m[32m 37[2mms[22m[39m
[31m     [31m×[31m 10.3 Test: noteText > 10,000 chars -> 422 "noteText: String must contain at most 10000 character(s)"[39m[32m 5[2mms[22m[39m
     [32m✓[39m 10.3 Test: non-PDF upload -> 400 "Only PDF files are accepted"[32m 9[2mms[22m[39m
     [32m✓[39m 10.3 Test: PDF > 10 MB -> 400 "File size exceeds 10 MB limit"[32m 30[2mms[22m[39m
     [32m✓[39m 10.3 Test: image-only PDF (empty extracted text) -> 422 "No extractable text found in PDF"[32m 8[2mms[22m[39m
     [32m✓[39m 10.4 Property 11: RAG pipeline extracts text and produces valid MCQ schema[32m 4[2mms[22m[39m
[31m     [31m×[31m Property 8: Cache hit returns identical response without calling OpenAI[39m[32m 19[2mms[22m[39m
[31m     [31m×[31m Property 9: Adaptive agent responses are cached and returned on second call[39m[32m 9[2mms[22m[39m
 [31m❯[39m server/routes/agentRoutes.property.test.ts [2m([22m[2m2 tests[22m[2m | [22m[31m2 failed[39m[2m)[22m[32m 64[2mms[22m[39m
[31m     [31m×[31m Property 5: AI cache hit returns cached response — generateAdaptiveQuiz called exactly once[39m[32m 49[2mms[22m[39m
[31m     [31m×[31m Property 6: Expired cache entry is treated as a miss — fresh response generated[39m[32m 13[2mms[22m[39m

[2m Test Files [22m [1m[31m2 failed[39m[22m[90m (2)[39m
[2m      Tests [22m [1m[31m6 failed[39m[22m[2m | [22m[1m[32m4 passed[39m[22m[90m (10)[39m
[2m   Start at [22m 18:12:26
[2m   Duration [22m 913ms[2m (transform 198ms, setup 0ms, import 1.14s, tests 186ms, environment 0ms)[22m

